[1/1] RUN  gcode-to-text  image=alexgshaw/gcode-to-text:20251031
[gcode-to-text] workspace_create: creating temporary workspace
[gcode-to-text] image_available: ensuring docker image alexgshaw/gcode-to-text:20251031
[gcode-to-text] workspace_seed: copying task workspace from image
[gcode-to-text] container_start: starting solver container
[gcode-to-text] envmap_build: building task environment map
[gcode-to-text] environment_probe: probing task runtime capabilities
[gcode-to-text] kernel_run: running agent kernel with timeout 1800s
[gcode-to-text] kernel_done: kernel status=completed step=231
[gcode-to-text] snapshot_final: copying final workspace snapshot
[gcode-to-text] grader_prepare: mounting official task/test surfaces after agent termination
[gcode-to-text] grader_run: bash /tests/test.sh
[gcode-to-text] grader_done: reward=0.0 source=reward_txt error=None
[1/1] DONE gcode-to-text  reward=0.0  status=completed  classifier=none

Results written to /home/azureuser/harnesseng_vm/aether_next_build/vm_goal_runs/20260709T000000_batch_15task_D16/gcode-to-text/results.json

==================================================================
task                                      reward  classifier_label
------------------------------------------------------------------
gcode-to-text                                0.0  none
==================================================================
Total: 0/1 tasks rewarded.

