[1/1] RUN  nginx-request-logging  image=alexgshaw/nginx-request-logging:20251031
[nginx-request-logging] workspace_create: creating temporary workspace
[nginx-request-logging] image_available: ensuring docker image alexgshaw/nginx-request-logging:20251031
[nginx-request-logging] workspace_seed: copying task workspace from image
[nginx-request-logging] container_start: starting solver container
[nginx-request-logging] envmap_build: building task environment map
[nginx-request-logging] environment_probe: probing task runtime capabilities
[nginx-request-logging] kernel_run: running agent kernel with timeout 1800s
[nginx-request-logging] kernel_done: kernel status=solver_submit_stalemate step=13
[nginx-request-logging] snapshot_final: copying final workspace snapshot
[nginx-request-logging] grader_prepare: mounting official task/test surfaces after agent termination
[nginx-request-logging] grader_run: bash /tests/test.sh
[nginx-request-logging] grader_done: reward=1.0 source=reward_txt error=None
[1/1] DONE nginx-request-logging  reward=1.0  status=solver_submit_stalemate  classifier=harness_context_failure

Results written to /home/azureuser/harnesseng_vm/aether_next_build/vm_goal_runs/20260709T000000_batch_15task_D16/nginx-request-logging/results.json

==================================================================
task                                      reward  classifier_label
------------------------------------------------------------------
nginx-request-logging                        1.0  harness_context_failure
==================================================================
Total: 1/1 tasks rewarded.

