[1/1] RUN  openssl-selfsigned-cert  image=alexgshaw/openssl-selfsigned-cert:20251031
[openssl-selfsigned-cert] workspace_create: creating temporary workspace
[openssl-selfsigned-cert] image_available: ensuring docker image alexgshaw/openssl-selfsigned-cert:20251031
[openssl-selfsigned-cert] workspace_seed: copying task workspace from image
[openssl-selfsigned-cert] container_start: starting solver container
[openssl-selfsigned-cert] envmap_build: building task environment map
[openssl-selfsigned-cert] environment_probe: probing task runtime capabilities
[openssl-selfsigned-cert] kernel_run: running agent kernel with timeout 1800s
[openssl-selfsigned-cert] kernel_done: kernel status=verifier_stalemate step=457
[openssl-selfsigned-cert] snapshot_final: copying final workspace snapshot
[openssl-selfsigned-cert] grader_prepare: mounting official task/test surfaces after agent termination
[openssl-selfsigned-cert] grader_run: bash /tests/test.sh
[openssl-selfsigned-cert] grader_done: reward=1.0 source=reward_txt error=None
[1/1] DONE openssl-selfsigned-cert  reward=1.0  status=verifier_stalemate  classifier=verification_failure

Results written to /home/azureuser/harnesseng_vm/aether_next_build/vm_goal_runs/20260709T000000_batch_15task_D16/openssl-selfsigned-cert/results.json

==================================================================
task                                      reward  classifier_label
------------------------------------------------------------------
openssl-selfsigned-cert                      1.0  verification_failure
==================================================================
Total: 1/1 tasks rewarded.

