[1/1] RUN  git-multibranch  image=alexgshaw/git-multibranch:20251031
[git-multibranch] workspace_create: creating temporary workspace
[git-multibranch] image_available: ensuring docker image alexgshaw/git-multibranch:20251031
[git-multibranch] workspace_seed: copying task workspace from image
[git-multibranch] container_start: starting solver container
[git-multibranch] envmap_build: building task environment map
[git-multibranch] environment_probe: probing task runtime capabilities
[git-multibranch] kernel_run: running agent kernel with timeout 1800s
[git-multibranch] kernel_done: kernel status=solver_submit_stalemate step=21
[git-multibranch] snapshot_final: copying final workspace snapshot
[git-multibranch] grader_prepare: mounting official task/test surfaces after agent termination
[git-multibranch] grader_run: bash /tests/test.sh
[git-multibranch] grader_done: reward=1.0 source=reward_txt error=None
[1/1] DONE git-multibranch  reward=1.0  status=solver_submit_stalemate  classifier=harness_context_failure

Results written to /home/azureuser/harnesseng_vm/aether_next_build/vm_goal_runs/20260709T155900_batch_15task_D16/git-multibranch/results.json

==================================================================
task                                      reward  classifier_label
------------------------------------------------------------------
git-multibranch                              1.0  harness_context_failure
==================================================================
Total: 1/1 tasks rewarded.

