[1/1] RUN  code-from-image  image=alexgshaw/code-from-image:20251031
[code-from-image] workspace_create: creating temporary workspace
[code-from-image] image_available: ensuring docker image alexgshaw/code-from-image:20251031
[code-from-image] workspace_seed: copying task workspace from image
[code-from-image] container_start: starting solver container
[code-from-image] envmap_build: building task environment map
[code-from-image] environment_probe: probing task runtime capabilities
[code-from-image] kernel_run: running agent kernel with timeout 1800s
[code-from-image] kernel_done: kernel status=incomplete step=500
[code-from-image] snapshot_final: copying final workspace snapshot
[code-from-image] grader_prepare: mounting official task/test surfaces after agent termination
[code-from-image] grader_run: bash /tests/test.sh
[code-from-image] grader_done: reward=1.0 source=reward_txt error=None
[1/1] DONE code-from-image  reward=1.0  status=incomplete  classifier=harness_context_failure

Results written to /home/azureuser/harnesseng_vm/aether_next_build/vm_goal_runs/20260709T000000_batch_15task_D16/code-from-image/results.json

==================================================================
task                                      reward  classifier_label
------------------------------------------------------------------
code-from-image                              1.0  harness_context_failure
==================================================================
Total: 1/1 tasks rewarded.

