[1/1] RUN  filter-js-from-html  image=alexgshaw/filter-js-from-html:20251031
Traceback (most recent call last):
  File "/Users/mohamud/Downloads/harnesseng/aether_next_build/run_pilot.py", line 337, in <module>
    raise SystemExit(main())
                     ~~~~^^
  File "/Users/mohamud/Downloads/harnesseng/aether_next_build/run_pilot.py", line 283, in main
    record = run_tbench_task(
        task_dir=task_dir,
    ...<8 lines>...
        snapshot_steps=snap_steps,
    )
  File "/Users/mohamud/Downloads/harnesseng/aether_next_build/aether_next/runners/docker_runner.py", line 456, in run_tbench_task
    result = kernel.run(envmap, executor, hooks, trace=run_trace)
  File "/Users/mohamud/Downloads/harnesseng/aether_next_build/aether_next/kernel.py", line 222, in run
    verdict = run_model_verifier_if_available(
        hooks,
    ...<5 lines>...
        envmap=envmap,
    )
  File "/Users/mohamud/Downloads/harnesseng/aether_next_build/aether_next/kernel_verifier.py", line 71, in run_model_verifier_if_available
    raw = _call_verify_with_timeout(
        hooks,
    ...<6 lines>...
        envmap=envmap,
    )
  File "/Users/mohamud/Downloads/harnesseng/aether_next_build/aether_next/kernel_verifier.py", line 171, in _call_verify_with_timeout
    ok, value = results.get(timeout=timeout_s)
                ~~~~~~~~~~~^^^^^^^^^^^^^^^^^^^
  File "/opt/homebrew/Cellar/python@3.14/3.14.2/Frameworks/Python.framework/Versions/3.14/lib/python3.14/queue.py", line 210, in get
    self.not_empty.wait(remaining)
    ~~~~~~~~~~~~~~~~~~~^^^^^^^^^^^
  File "/opt/homebrew/Cellar/python@3.14/3.14.2/Frameworks/Python.framework/Versions/3.14/lib/python3.14/threading.py", line 373, in wait
    gotit = waiter.acquire(True, timeout)
KeyboardInterrupt
