[1/2] RUN  kv-store-grpc  image=alexgshaw/kv-store-grpc:20251031
[kv-store-grpc] workspace_create: creating temporary workspace
[kv-store-grpc] image_available: ensuring docker image alexgshaw/kv-store-grpc:20251031
[kv-store-grpc] workspace_seed: copying task workspace from image
[kv-store-grpc] container_start: starting solver container
[kv-store-grpc] envmap_build: building task environment map
[kv-store-grpc] environment_probe: probing task runtime capabilities
[kv-store-grpc] kernel_run: running agent kernel with timeout 1800s
[kv-store-grpc] kernel_done: kernel status=completed step=2
[kv-store-grpc] snapshot_final: copying final workspace snapshot
[kv-store-grpc] grader_prepare: mounting official task/test surfaces after agent termination
[kv-store-grpc] grader_run: bash /tests/test.sh
[kv-store-grpc] grader_done: reward=0.0 source=reward_txt error=None
[1/2] DONE kv-store-grpc  reward=0.0  status=completed  classifier=none
[2/2] RUN  code-from-image  image=alexgshaw/code-from-image:20251031
[code-from-image] workspace_create: creating temporary workspace
[code-from-image] image_available: ensuring docker image alexgshaw/code-from-image:20251031
[code-from-image] workspace_seed: copying task workspace from image
[code-from-image] container_start: starting solver container
[code-from-image] envmap_build: building task environment map
[code-from-image] environment_probe: probing task runtime capabilities
[code-from-image] kernel_run: running agent kernel with timeout 1800s
[code-from-image] kernel_done: kernel status=completed step=25
[code-from-image] snapshot_final: copying final workspace snapshot
[code-from-image] grader_prepare: mounting official task/test surfaces after agent termination
[code-from-image] grader_run: bash /tests/test.sh
[code-from-image] grader_done: reward=1.0 source=reward_txt error=None
[2/2] DONE code-from-image  reward=1.0  status=completed  classifier=none

Results written to /home/azureuser/harnesseng_vm/aether_next_build/vm_goal_runs/20260707T162100Z_sentinel_steps200/results.json

==================================================================
task                                      reward  classifier_label
------------------------------------------------------------------
kv-store-grpc                                0.0  none
code-from-image                              1.0  none
==================================================================
Total: 1/2 tasks rewarded.

