[1/1] RUN  headless-terminal  image=alexgshaw/headless-terminal:20251031
[headless-terminal] workspace_create: creating temporary workspace
[headless-terminal] image_available: ensuring docker image alexgshaw/headless-terminal:20251031
[headless-terminal] workspace_seed: copying task workspace from image
[headless-terminal] container_start: starting solver container
[headless-terminal] envmap_build: building task environment map
[headless-terminal] environment_probe: probing task runtime capabilities
[headless-terminal] kernel_run: running agent kernel with timeout 1800s
[headless-terminal] kernel_done: kernel status=incomplete step=500
[headless-terminal] snapshot_final: copying final workspace snapshot
[headless-terminal] grader_prepare: mounting official task/test surfaces after agent termination
[headless-terminal] grader_run: bash /tests/test.sh
[headless-terminal] grader_done: reward=1.0 source=reward_txt error=None
[1/1] DONE headless-terminal  reward=1.0  status=incomplete  classifier=harness_context_failure

Results written to /home/azureuser/harnesseng_vm/aether_next_build/vm_goal_runs/20260709T000000_batch_15task_D16/headless-terminal/results.json

==================================================================
task                                      reward  classifier_label
------------------------------------------------------------------
headless-terminal                            1.0  harness_context_failure
==================================================================
Total: 1/1 tasks rewarded.

