[1/1] RUN  qemu-startup  image=alexgshaw/qemu-startup:20251031
[qemu-startup] workspace_create: creating temporary workspace
[qemu-startup] image_available: ensuring docker image alexgshaw/qemu-startup:20251031
[qemu-startup] workspace_seed: copying task workspace from image
[qemu-startup] container_start: starting solver container
[qemu-startup] envmap_build: building task environment map
[qemu-startup] environment_probe: probing task runtime capabilities
[qemu-startup] kernel_run: running agent kernel with timeout 1800s
[qemu-startup] kernel_done: kernel status=solver_submit_stalemate step=44
[qemu-startup] snapshot_final: copying final workspace snapshot
[qemu-startup] grader_prepare: mounting official task/test surfaces after agent termination
[qemu-startup] grader_run: bash /tests/test.sh
[qemu-startup] grader_done: reward=1.0 source=reward_txt error=None
[1/1] DONE qemu-startup  reward=1.0  status=solver_submit_stalemate  classifier=harness_context_failure

Results written to /home/azureuser/harnesseng_vm/aether_next_build/vm_goal_runs/20260709T155900_batch_15task_D16/qemu-startup/results.json

==================================================================
task                                      reward  classifier_label
------------------------------------------------------------------
qemu-startup                                 1.0  harness_context_failure
==================================================================
Total: 1/1 tasks rewarded.

