[1/1] RUN  log-summary-date-ranges  image=alexgshaw/log-summary-date-ranges:20251031
[log-summary-date-ranges] workspace_create: creating temporary workspace
[log-summary-date-ranges] image_available: ensuring docker image alexgshaw/log-summary-date-ranges:20251031
[log-summary-date-ranges] workspace_seed: copying task workspace from image
[log-summary-date-ranges] container_start: starting solver container
[log-summary-date-ranges] envmap_build: building task environment map
[log-summary-date-ranges] environment_probe: probing task runtime capabilities
[log-summary-date-ranges] kernel_run: running agent kernel with timeout 1800s
[log-summary-date-ranges] kernel_done: kernel status=incomplete step=500
[log-summary-date-ranges] snapshot_final: copying final workspace snapshot
[log-summary-date-ranges] grader_prepare: mounting official task/test surfaces after agent termination
[log-summary-date-ranges] grader_run: bash /tests/test.sh
[log-summary-date-ranges] grader_done: reward=1.0 source=reward_txt error=None
[1/1] DONE log-summary-date-ranges  reward=1.0  status=incomplete  classifier=harness_context_failure

Results written to /home/azureuser/harnesseng_vm/aether_next_build/vm_goal_runs/20260709T000000_batch_15task_D16/log-summary-date-ranges/results.json

==================================================================
task                                      reward  classifier_label
------------------------------------------------------------------
log-summary-date-ranges                      1.0  harness_context_failure
==================================================================
Total: 1/1 tasks rewarded.

