[1/1] RUN  regex-log  image=alexgshaw/regex-log:20251031
[regex-log] workspace_create: creating temporary workspace
[regex-log] image_available: ensuring docker image alexgshaw/regex-log:20251031
[regex-log] workspace_seed: copying task workspace from image
[regex-log] container_start: starting solver container
[regex-log] envmap_build: building task environment map
[regex-log] environment_probe: probing task runtime capabilities
[regex-log] kernel_run: running agent kernel with timeout 1800s
[regex-log] kernel_done: kernel status=completed step=311
[regex-log] snapshot_final: copying final workspace snapshot
[regex-log] grader_prepare: mounting official task/test surfaces after agent termination
[regex-log] grader_run: bash /tests/test.sh
[regex-log] grader_done: reward=1.0 source=reward_txt error=None
[1/1] DONE regex-log  reward=1.0  status=completed  classifier=none

Results written to /home/azureuser/harnesseng_vm/aether_next_build/vm_goal_runs/20260709T000000_batch_15task_D16/regex-log/results.json

==================================================================
task                                      reward  classifier_label
------------------------------------------------------------------
regex-log                                    1.0  none
==================================================================
Total: 1/1 tasks rewarded.

