[1/5] RUN  log-summary-date-ranges  image=alexgshaw/log-summary-date-ranges:20251031
[log-summary-date-ranges] workspace_create: creating temporary workspace
[log-summary-date-ranges] image_available: ensuring docker image alexgshaw/log-summary-date-ranges:20251031
[log-summary-date-ranges] workspace_seed: copying task workspace from image
[log-summary-date-ranges] container_start: starting solver container
[log-summary-date-ranges] envmap_build: building task environment map
[log-summary-date-ranges] environment_probe: probing task runtime capabilities
[log-summary-date-ranges] kernel_run: running agent kernel with timeout 1800s
[log-summary-date-ranges] kernel_done: kernel status=completed step=4
[log-summary-date-ranges] snapshot_final: copying final workspace snapshot
[log-summary-date-ranges] grader_prepare: mounting official task/test surfaces after agent termination
[log-summary-date-ranges] grader_run: bash /tests/test.sh
[log-summary-date-ranges] grader_done: reward=1.0 source=reward_txt error=None
[1/5] DONE log-summary-date-ranges  reward=1.0  status=completed  classifier=none
[2/5] RUN  video-processing  image=alexgshaw/video-processing:20251031
[video-processing] workspace_create: creating temporary workspace
[video-processing] image_available: ensuring docker image alexgshaw/video-processing:20251031
[video-processing] workspace_seed: copying task workspace from image
[video-processing] container_start: starting solver container
[video-processing] envmap_build: building task environment map
[video-processing] environment_probe: probing task runtime capabilities
[video-processing] kernel_run: running agent kernel with timeout 3600s
[video-processing] kernel_done: kernel status=completed step=6
[video-processing] snapshot_final: copying final workspace snapshot
[video-processing] grader_prepare: mounting official task/test surfaces after agent termination
[video-processing] grader_run: bash /tests/test.sh
[video-processing] grader_done: reward=0.0 source=reward_txt error=None
[2/5] DONE video-processing  reward=0.0  status=completed  classifier=none
[3/5] RUN  gcode-to-text  image=alexgshaw/gcode-to-text:20251031
[gcode-to-text] workspace_create: creating temporary workspace
[gcode-to-text] image_available: ensuring docker image alexgshaw/gcode-to-text:20251031
[gcode-to-text] workspace_seed: copying task workspace from image
[gcode-to-text] container_start: starting solver container
[gcode-to-text] envmap_build: building task environment map
[gcode-to-text] environment_probe: probing task runtime capabilities
[gcode-to-text] kernel_run: running agent kernel with timeout 1800s
[gcode-to-text] kernel_done: kernel status=completed step=14
[gcode-to-text] snapshot_final: copying final workspace snapshot
[gcode-to-text] grader_prepare: mounting official task/test surfaces after agent termination
[gcode-to-text] grader_run: bash /tests/test.sh
[gcode-to-text] grader_done: reward=0.0 source=reward_txt error=None
[3/5] DONE gcode-to-text  reward=0.0  status=completed  classifier=none
[4/5] RUN  kv-store-grpc  image=alexgshaw/kv-store-grpc:20251031
[kv-store-grpc] workspace_create: creating temporary workspace
[kv-store-grpc] image_available: ensuring docker image alexgshaw/kv-store-grpc:20251031
[kv-store-grpc] workspace_seed: copying task workspace from image
[kv-store-grpc] container_start: starting solver container
[kv-store-grpc] envmap_build: building task environment map
[kv-store-grpc] environment_probe: probing task runtime capabilities
[kv-store-grpc] kernel_run: running agent kernel with timeout 1800s
[kv-store-grpc] kernel_done: kernel status=incomplete step=30
[kv-store-grpc] snapshot_final: copying final workspace snapshot
[kv-store-grpc] grader_prepare: mounting official task/test surfaces after agent termination
[kv-store-grpc] grader_run: bash /tests/test.sh
[kv-store-grpc] grader_done: reward=0.0 source=reward_txt error=None
[4/5] DONE kv-store-grpc  reward=0.0  status=incomplete  classifier=harness_context_failure
[5/5] RUN  code-from-image  image=alexgshaw/code-from-image:20251031
[code-from-image] workspace_create: creating temporary workspace
[code-from-image] image_available: ensuring docker image alexgshaw/code-from-image:20251031
[code-from-image] workspace_seed: copying task workspace from image
[code-from-image] container_start: starting solver container
[code-from-image] envmap_build: building task environment map
[code-from-image] environment_probe: probing task runtime capabilities
[code-from-image] kernel_run: running agent kernel with timeout 1800s
[code-from-image] kernel_done: kernel status=incomplete step=30
[code-from-image] snapshot_final: copying final workspace snapshot
[code-from-image] grader_prepare: mounting official task/test surfaces after agent termination
[code-from-image] grader_run: bash /tests/test.sh
[code-from-image] grader_done: reward=0.0 source=reward_txt error=None
[5/5] DONE code-from-image  reward=0.0  status=incomplete  classifier=harness_context_failure

Results written to /home/azureuser/harnesseng_vm/aether_next_build/vm_goal_runs/20260707T152214Z_sentinel/results.json

==================================================================
task                                      reward  classifier_label
------------------------------------------------------------------
log-summary-date-ranges                      1.0  none
video-processing                             0.0  none
gcode-to-text                                0.0  none
kv-store-grpc                                0.0  harness_context_failure
code-from-image                              0.0  harness_context_failure
==================================================================
Total: 1/5 tasks rewarded.

