[1/1] RUN  train-fasttext  image=alexgshaw/train-fasttext:20251031
[train-fasttext] workspace_create: creating temporary workspace
[train-fasttext] image_available: ensuring docker image alexgshaw/train-fasttext:20251031
[train-fasttext] workspace_seed: copying task workspace from image
[train-fasttext] container_start: starting solver container
[train-fasttext] envmap_build: building task environment map
[train-fasttext] environment_probe: probing task runtime capabilities
[train-fasttext] kernel_run: running agent kernel with timeout 3600s
[train-fasttext] kernel_done: kernel status=incomplete step=500
[train-fasttext] snapshot_final: copying final workspace snapshot
[train-fasttext] grader_prepare: mounting official task/test surfaces after agent termination
[train-fasttext] grader_run: bash /tests/test.sh
[train-fasttext] grader_done: reward=0.0 source=reward_txt error=None
[1/1] DONE train-fasttext  reward=0.0  status=incomplete  classifier=harness_context_failure

Results written to /home/azureuser/harnesseng_vm/aether_next_build/vm_goal_runs/20260709T000000_batch_15task_D16/train-fasttext/results.json

==================================================================
task                                      reward  classifier_label
------------------------------------------------------------------
train-fasttext                               0.0  harness_context_failure
==================================================================
Total: 0/1 tasks rewarded.

