[1/1] RUN  video-processing  image=alexgshaw/video-processing:20251031
[video-processing] workspace_create: creating temporary workspace
[video-processing] image_available: ensuring docker image alexgshaw/video-processing:20251031
[video-processing] workspace_seed: copying task workspace from image
[video-processing] container_start: starting solver container
[video-processing] envmap_build: building task environment map
[video-processing] environment_probe: probing task runtime capabilities
[video-processing] kernel_run: running agent kernel with timeout 3600s
[video-processing] kernel_done: kernel status=completed step=185
[video-processing] snapshot_final: copying final workspace snapshot
[video-processing] grader_prepare: mounting official task/test surfaces after agent termination
[video-processing] grader_run: bash /tests/test.sh
[video-processing] grader_done: reward=0.0 source=reward_txt error=None
[1/1] DONE video-processing  reward=0.0  status=completed  classifier=none

Results written to /home/azureuser/harnesseng_vm/aether_next_build/vm_goal_runs/20260709T000000_batch_15task_D16/video-processing/results.json

==================================================================
task                                      reward  classifier_label
------------------------------------------------------------------
video-processing                             0.0  none
==================================================================
Total: 0/1 tasks rewarded.

