[1/1] RUN  fix-git  image=alexgshaw/fix-git:20251031
[fix-git] workspace_create: creating temporary workspace
[fix-git] image_available: ensuring docker image alexgshaw/fix-git:20251031
[fix-git] workspace_seed: copying task workspace from image
[fix-git] container_start: starting solver container
[fix-git] envmap_build: building task environment map
[fix-git] environment_probe: probing task runtime capabilities
[fix-git] kernel_run: running agent kernel with timeout 1800s
[fix-git] kernel_done: kernel status=solver_submit_stalemate step=31
[fix-git] snapshot_final: copying final workspace snapshot
[fix-git] grader_prepare: mounting official task/test surfaces after agent termination
[fix-git] grader_run: bash /tests/test.sh
[fix-git] grader_done: reward=1.0 source=reward_txt error=None
[1/1] DONE fix-git  reward=1.0  status=solver_submit_stalemate  classifier=harness_context_failure

Results written to /home/azureuser/harnesseng_vm/aether_next_build/vm_goal_runs/20260709T155900_batch_15task_D16/fix-git/results.json

==================================================================
task                                      reward  classifier_label
------------------------------------------------------------------
fix-git                                      1.0  harness_context_failure
==================================================================
Total: 1/1 tasks rewarded.

