[1/1] RUN  crack-7z-hash  image=alexgshaw/crack-7z-hash:20251031
[crack-7z-hash] workspace_create: creating temporary workspace
[crack-7z-hash] image_available: ensuring docker image alexgshaw/crack-7z-hash:20251031
[crack-7z-hash] workspace_seed: copying task workspace from image
[crack-7z-hash] container_start: starting solver container
[crack-7z-hash] envmap_build: building task environment map
[crack-7z-hash] environment_probe: probing task runtime capabilities
[crack-7z-hash] kernel_run: running agent kernel with timeout 1800s
[crack-7z-hash] kernel_done: kernel status=completed step=163
[crack-7z-hash] snapshot_final: copying final workspace snapshot
[crack-7z-hash] grader_prepare: mounting official task/test surfaces after agent termination
[crack-7z-hash] grader_run: bash /tests/test.sh
[crack-7z-hash] grader_done: reward=1.0 source=reward_txt error=None
[1/1] DONE crack-7z-hash  reward=1.0  status=completed  classifier=none

Results written to /home/azureuser/harnesseng_vm/aether_next_build/vm_goal_runs/20260709T000000_batch_15task_D16/crack-7z-hash/results.json

==================================================================
task                                      reward  classifier_label
------------------------------------------------------------------
crack-7z-hash                                1.0  none
==================================================================
Total: 1/1 tasks rewarded.

