[1/1] RUN  kv-store-grpc  image=alexgshaw/kv-store-grpc:20251031
[kv-store-grpc] workspace_create: creating temporary workspace
[kv-store-grpc] image_available: ensuring docker image alexgshaw/kv-store-grpc:20251031
[kv-store-grpc] workspace_seed: copying task workspace from image
[kv-store-grpc] container_start: starting solver container
[kv-store-grpc] envmap_build: building task environment map
[kv-store-grpc] environment_probe: probing task runtime capabilities
[kv-store-grpc] kernel_run: running agent kernel with timeout 1800s
[kv-store-grpc] kernel_done: kernel status=solver_submit_stalemate step=262
[kv-store-grpc] snapshot_final: copying final workspace snapshot
[kv-store-grpc] grader_prepare: mounting official task/test surfaces after agent termination
[kv-store-grpc] grader_run: bash /tests/test.sh
[kv-store-grpc] grader_done: reward=1.0 source=reward_txt error=None
[1/1] DONE kv-store-grpc  reward=1.0  status=solver_submit_stalemate  classifier=harness_context_failure

Results written to /home/azureuser/harnesseng_vm/aether_next_build/vm_goal_runs/20260709T000000_batch_15task_D16/kv-store-grpc/results.json

==================================================================
task                                      reward  classifier_label
------------------------------------------------------------------
kv-store-grpc                                1.0  harness_context_failure
==================================================================
Total: 1/1 tasks rewarded.

