[1/1] RUN  raman-fitting  image=alexgshaw/raman-fitting:20251031
Traceback (most recent call last):
  File "/Users/mohamud/Downloads/harnesseng/aether_next_build/run_pilot.py", line 337, in <module>
    raise SystemExit(main())
                     ~~~~^^
  File "/Users/mohamud/Downloads/harnesseng/aether_next_build/run_pilot.py", line 283, in main
    record = run_tbench_task(
        task_dir=task_dir,
    ...<8 lines>...
        snapshot_steps=snap_steps,
    )
  File "/Users/mohamud/Downloads/harnesseng/aether_next_build/aether_next/runners/docker_runner.py", line 345, in run_tbench_task
    image_error = ensure_image_available(image, pull_timeout_s=max(300, run_timeout_s))
  File "/Users/mohamud/Downloads/harnesseng/aether_next_build/aether_next/runners/docker_helpers.py", line 32, in ensure_image_available
    pull = subprocess.run(
        ["docker", "pull", image_ref],
    ...<2 lines>...
        timeout=timeout,
    )
  File "/opt/homebrew/Cellar/python@3.14/3.14.2/Frameworks/Python.framework/Versions/3.14/lib/python3.14/subprocess.py", line 556, in run
    stdout, stderr = process.communicate(input, timeout=timeout)
                     ~~~~~~~~~~~~~~~~~~~^^^^^^^^^^^^^^^^^^^^^^^^
  File "/opt/homebrew/Cellar/python@3.14/3.14.2/Frameworks/Python.framework/Versions/3.14/lib/python3.14/subprocess.py", line 1220, in communicate
    stdout, stderr = self._communicate(input, endtime, timeout)
                     ~~~~~~~~~~~~~~~~~^^^^^^^^^^^^^^^^^^^^^^^^^
  File "/opt/homebrew/Cellar/python@3.14/3.14.2/Frameworks/Python.framework/Versions/3.14/lib/python3.14/subprocess.py", line 2152, in _communicate
    ready = selector.select(timeout)
  File "/opt/homebrew/Cellar/python@3.14/3.14.2/Frameworks/Python.framework/Versions/3.14/lib/python3.14/selectors.py", line 398, in select
    fd_event_list = self._selector.poll(timeout)
KeyboardInterrupt
