Skipping image OS validation for alexgshaw/video-processing:20251031: docker inspect returned 1
Trial video-processing__vo2NNjK failed: Docker compose command failed for environment video-processing. Command: docker compose --project-name video-processing__vo2nnjk --project-directory /home/azureuser/.cache/harbor/tasks/QU8iD2bMsFXumTCQhnBiGz/video-processing/environment -f /tmp/tmppd75o88_/video-processing__vo2NNjK-docker-compose-resources.json -f /home/azureuser/.local/share/uv/tools/harbor/lib/python3.12/site-packages/harbor/environments/docker/docker-compose-prebuilt.yaml -f /tmp/tmpdjur85mr/docker-compose-mounts.json up --detach --wait. Return code: 1. Stdout:  main Pulling 
 dd8bfeaf3ce7 Pulling fs layer 
 648887593fb4 Pulling fs layer 
 a64f945f2e69 Pulling fs layer 
 dd8bfeaf3ce7 Download complete 
 a64f945f2e69 Downloading [>                                                  ]  1.049MB/78.9MB
 648887593fb4 Downloading [==>                                                ]  8.389MB/188.3MB
 a64f945f2e69 Downloading [====>                                              ]   7.34MB/78.9MB
 648887593fb4 Downloading [====>                                              ]  16.78MB/188.3MB
 a64f945f2e69 Downloading [=========>                                         ]  15.73MB/78.9MB
 648887593fb4 Downloading [======>                                            ]  24.12MB/188.3MB
 a64f945f2e69 Downloading [===============>                                   ]  24.12MB/78.9MB
 648887593fb4 Downloading [========>                                          ]  33.55MB/188.3MB
 a64f945f2e69 Downloading [====================>                              ]  32.51MB/78.9MB
 648887593fb4 Downloading [==========>                                        ]  40.89MB/188.3MB
 a64f945f2e69 Downloading [=========================>                         ]  39.85MB/78.9MB
 648887593fb4 Downloading [=============>                                     ]  49.28MB/188.3MB
 a64f945f2e69 Downloading [==============================>                    ]  48.23MB/78.9MB
 648887593fb4 Downloading [===============>                                   ]  56.62MB/188.3MB
 a64f945f2e69 Downloading [===================================>               ]  56.62MB/78.9MB
 648887593fb4 Downloading [=================>                                 ]  66.06MB/188.3MB
 a64f945f2e69 Downloading [=======================================>           ]  62.91MB/78.9MB
 648887593fb4 Downloading [===================>                               ]  72.35MB/188.3MB
 a64f945f2e69 Downloading [=============================================>     ]   71.3MB/78.9MB
 648887593fb4 Downloading [=====================>                             ]  80.74MB/188.3MB
 a64f945f2e69 Downloading [==================================================>]   78.9MB/78.9MB
 648887593fb4 Downloading [=======================>                           ]  89.13MB/188.3MB
 648887593fb4 Downloading [===========================>                       ]  101.7MB/188.3MB
 a64f945f2e69 Downloading [==================================================>]   78.9MB/78.9MB
 a64f945f2e69 Downloading [==================================================>]   78.9MB/78.9MB
 648887593fb4 Downloading [==============================>                    ]  114.3MB/188.3MB
 a64f945f2e69 Downloading [==================================================>]   78.9MB/78.9MB
 648887593fb4 Downloading [=================================>                 ]  126.9MB/188.3MB
 a64f945f2e69 Downloading [==================================================>]   78.9MB/78.9MB
 648887593fb4 Downloading [=====================================>             ]  139.5MB/188.3MB
 648887593fb4 Downloading [=======================================>           ]  149.9MB/188.3MB
 a64f945f2e69 Downloading [==================================================>]   78.9MB/78.9MB
 a64f945f2e69 Downloading [==================================================>]   78.9MB/78.9MB
 648887593fb4 Downloading [==========================================>        ]  161.5MB/188.3MB
 648887593fb4 Downloading [==============================================>    ]  174.1MB/188.3MB
 a64f945f2e69 Downloading [==================================================>]   78.9MB/78.9MB
 a64f945f2e69 Download complete 
 648887593fb4 Downloading [=================================================> ]  185.6MB/188.3MB
 a64f945f2e69 Extracting 1 s
 648887593fb4 Downloading [==================================================>]  188.3MB/188.3MB
 a64f945f2e69 Extracting 1 s
 648887593fb4 Downloading [==================================================>]  188.3MB/188.3MB
 a64f945f2e69 Extracting 1 s
 648887593fb4 Downloading [==================================================>]  188.3MB/188.3MB
 a64f945f2e69 Extracting 1 s
 648887593fb4 Downloading [==================================================>]  188.3MB/188.3MB
 a64f945f2e69 Extracting 1 s
 648887593fb4 Downloading [==================================================>]  188.3MB/188.3MB
 a64f945f2e69 Extracting 1 s
 648887593fb4 Downloading [==================================================>]  188.3MB/188.3MB
 a64f945f2e69 Extracting 1 s
 648887593fb4 Downloading [==================================================>]  188.3MB/188.3MB
 a64f945f2e69 Extracting 1 s
 648887593fb4 Downloading [==================================================>]  188.3MB/188.3MB
 a64f945f2e69 Extracting 1 s
 648887593fb4 Downloading [==================================================>]  188.3MB/188.3MB
 a64f945f2e69 Extracting 1 s
 648887593fb4 Downloading [==================================================>]  188.3MB/188.3MB
 a64f945f2e69 Extracting 1 s
 648887593fb4 Downloading [==================================================>]  188.3MB/188.3MB
 a64f945f2e69 Extracting 2 s
 648887593fb4 Downloading [==================================================>]  188.3MB/188.3MB
 a64f945f2e69 Extracting 2 s
 648887593fb4 Downloading [==================================================>]  188.3MB/188.3MB
 a64f945f2e69 Extracting 2 s
 648887593fb4 Downloading [==================================================>]  188.3MB/188.3MB
 a64f945f2e69 Extracting 2 s
 648887593fb4 Downloading [==================================================>]  188.3MB/188.3MB
 a64f945f2e69 Extracting 2 s
 648887593fb4 Downloading [==================================================>]  188.3MB/188.3MB
 a64f945f2e69 Extracting 2 s
 648887593fb4 Download complete 
 a64f945f2e69 Extracting 2 s
 a64f945f2e69 Extracting 2 s
 a64f945f2e69 Extracting 2 s
 a64f945f2e69 Extracting 2 s
 a64f945f2e69 Extracting 3 s
 a64f945f2e69 Extracting 3 s
 a64f945f2e69 Pull complete 
 648887593fb4 Extracting 1 s
 648887593fb4 Extracting 1 s
 648887593fb4 Extracting 1 s
 648887593fb4 Extracting 1 s
 648887593fb4 Extracting 1 s
 648887593fb4 Extracting 1 s
 648887593fb4 Extracting 1 s
 648887593fb4 Extracting 1 s
 648887593fb4 Extracting 1 s
 648887593fb4 Extracting 1 s
 648887593fb4 Extracting 1 s
 648887593fb4 Extracting 2 s
 648887593fb4 Extracting 2 s
 648887593fb4 Extracting 2 s
 648887593fb4 Extracting 2 s
 648887593fb4 Extracting 2 s
 648887593fb4 Extracting 2 s
 648887593fb4 Extracting 2 s
 648887593fb4 Extracting 2 s
 648887593fb4 Extracting 2 s
 648887593fb4 Extracting 3 s
 648887593fb4 Extracting 3 s
 648887593fb4 Extracting 3 s
 648887593fb4 Extracting 3 s
 648887593fb4 Extracting 3 s
 648887593fb4 Extracting 3 s
 648887593fb4 Extracting 3 s
 648887593fb4 Extracting 3 s
 648887593fb4 Extracting 3 s
 648887593fb4 Extracting 3 s
 648887593fb4 Extracting 3 s
 648887593fb4 Extracting 4 s
 648887593fb4 Extracting 4 s
 dd8bfeaf3ce7 Pull complete 
 648887593fb4 Pull complete 
 main Pulled 
 Network video-processing__vo2nnjk_default  Creating
 Network video-processing__vo2nnjk_default  Created
 Container video-processing__vo2nnjk-main-1  Creating
 Container video-processing__vo2nnjk-main-1  Created
 Container video-processing__vo2nnjk-main-1  Starting
 Container video-processing__vo2nnjk-main-1  Started
 Container video-processing__vo2nnjk-main-1  Waiting
container video-processing__vo2nnjk-main-1 exited (255)
. Stderr: None. 
Not retrying trial because the maximum number of retries has been reached
